<html><head><meta http-equiv="content-type" content="text/html; charset=UTF-8"/><title>DATAWAVE - Void Response</title><link rel='stylesheet' type='text/css' href='/screen.css' media='screen' /></head><body><h1>datawave.webservice.result.VoidResponse</h1><div><b>MESSAGES:</b><br/>99ac1be5-4ddf-45c1-9912-912e0457aa96 closed.<br/><b>EXCEPTIONS:</b><br/></div><br/></body></html> 