<?xml version="1.0" encoding="UTF-8" standalone="yes"?><DefaultEdgeQueryResponse xmlns="http://webservice.datawave/v1"><HasResults>true</HasResults><OperationTimeMS>389</OperationTimeMS><LogicName>EdgeQuery</LogicName><PageNumber>1</PageNumber><PartialResults>false</PartialResults><QueryId>7fed0b64-e032-425b-b615-1e3080f49972</QueryId><Edges><Edge edgeType="REDIRECT" edgeRelationship="REDIRECT" edgeAttribute1Source="PAGE_METADATA" statsType="ACTIVITY" date="20130305" edgeAttribute3="preserve" edgeAttribute2="wikitext"><ColumnVisibility>PUBLIC</ColumnVisibility><Identifier>Computer accessibility</Identifier><RelatedIdentifier></RelatedIdentifier><Counts><Count>1</Count><Count>0</Count><Count>0</Count><Count>0</Count><Count>0</Count><Count>0</Count><Count>0</Count><Count>0</Count><Count>0</Count><Count>0</Count><Count>0</Count><Count>0</Count><Count>0</Count><Count>0</Count><Count>0</Count><Count>0</Count><Count>0</Count><Count>0</Count><Count>0</Count><Count>0</Count><Count>0</Count><Count>0</Count><Count>0</Count><Count>0</Count></Counts><LoadDate>20171024</LoadDate></Edge><Edge edgeType="REDIRECT" edgeRelationship="REDIRECT-PAGE" edgeAttribute1Source="PAGE_METADATA-PAGE_METADATA" date="20130305" edgeAttribute3="preserve" edgeAttribute2="wikitext"><ColumnVisibility>PUBLIC</ColumnVisibility><Identifier>Computer accessibility</Identifier><RelatedIdentifier>AccessibleComputing</RelatedIdentifier><Count>1</Count><Counts><Count>1</Count><Count>0</Count><Count>0</Count><Count>0</Count><Count>0</Count><Count>0</Count><Count>0</Count><Count>0</Count><Count>0</Count><Count>0</Count><Count>0</Count><Count>0</Count><Count>0</Count><Count>0</Count><Count>0</Count><Count>0</Count><Count>0</Count><Count>0</Count><Count>0</Count><Count>0</Count><Count>0</Count><Count>0</Count><Count>0</Count><Count>0</Count></Counts><LoadDate>20171024</LoadDate></Edge></Edges></DefaultEdgeQueryResponse>