<html><head><meta http-equiv="content-type" content="text/html; charset=UTF-8"/><title>DATAWAVE - Void Response</title><link rel='stylesheet' type='text/css' href='/screen.css' media='screen' /></head><body><h1>datawave.webservice.result.VoidResponse</h1><div><b>MESSAGES:</b><br/>7fed0b64-e032-425b-b615-1e3080f49972 closed.<br/><b>EXCEPTIONS:</b><br/></div><br/></body></html> 