<?xml version="1.0" encoding="UTF-8" standalone="yes"?><GenericResponse xmlns="http://webservice.datawave/v1"><HasResults>true</HasResults><OperationTimeMS>241</OperationTimeMS><Result xmlns:xsi="http://www.w3.org/2001/XMLSchema-instance" xmlns:xs="http://www.w3.org/2001/XMLSchema" xsi:type="xs:string">05d9c9eb-c116-4e12-af20-88cb0975cf48</Result></GenericResponse>