<?xml version="1.0" encoding="UTF-8" standalone="yes"?><DefaultEventQueryResponse xmlns="http://webservice.datawave/v1"><HasResults>true</HasResults><OperationTimeMS>31</OperationTimeMS><LogicName>EventQuery</LogicName><PageNumber>1</PageNumber><PartialResults>false</PartialResults><QueryId>591fc5d4-eb95-411a-9cbd-324d370d0670</QueryId><Events><Event><Fields><Field columnVisibility="PUBLIC" name="LANGUAGE" timestamp="1362441600000"><Markings><entry><key>columnVisibility</key><value>PUBLIC</value></entry></Markings><Value type="xs:string">ENGLISH</Value></Field><Field columnVisibility="PUBLIC" name="LOAD_DATE" timestamp="1362441600000"><Markings><entry><key>columnVisibility</key><value>PUBLIC</value></entry></Markings><Value type="xs:string">1508856739924</Value></Field><Field columnVisibility="PUBLIC" name="REVISION_SHA1" timestamp="1362441600000"><Markings><entry><key>columnVisibility</key><value>PUBLIC</value></entry></Markings><Value type="xs:string">ls0ordqhjufi32fc3qo9oioa37seld5</Value></Field><Field columnVisibility="PUBLIC" name="CONTRIBUTOR_USERNAME" timestamp="1362441600000"><Markings><entry><key>columnVisibility</key><value>PUBLIC</value></entry></Markings><Value type="xs:string">Alta√Ør</Value></Field><Field columnVisibility="PUBLIC" name="REVISION_ID" timestamp="1362441600000"><Markings><entry><key>columnVisibility</key><value>PUBLIC</value></entry></Markings><Value type="xs:decimal">541785980</Value></Field><Field columnVisibility="PUBLIC" name="PAGE_ID" timestamp="1362441600000"><Markings><entry><key>columnVisibility</key><value>PUBLIC</value></entry></Markings><Value type="xs:decimal">12</Value></Field><Field columnVisibility="PUBLIC" name="HAS_REVISION_TEXT_CONTENT" timestamp="1362441600000"><Markings><entry><key>columnVisibility</key><value>PUBLIC</value></entry></Markings><Value type="xs:string">true</Value></Field><Field columnVisibility="PUBLIC" name="REVISION_TIMESTAMP" timestamp="1362441600000"><Markings><entry><key>columnVisibility</key><value>PUBLIC</value></entry></Markings><Value type="xs:string">2013-03-02T21:01:50Z</Value></Field><Field columnVisibility="PUBLIC" name="REVISION_MODEL" timestamp="1362441600000"><Markings><entry><key>columnVisibility</key><value>PUBLIC</value></entry></Markings><Value type="xs:string">wikitext</Value></Field><Field columnVisibility="PUBLIC" name="REVISION_PARENTID" timestamp="1362441600000"><Markings><entry><key>columnVisibility</key><value>PUBLIC</value></entry></Markings><Value type="xs:decimal">541640576</Value></Field><Field columnVisibility="PUBLIC" name="PAGE_NAMESPACE" timestamp="1362441600000"><Markings><entry><key>columnVisibility</key><value>PUBLIC</value></entry></Markings><Value type="xs:decimal">0</Value></Field><Field columnVisibility="PUBLIC" name="ORIG_FILE" timestamp="1362441600000"><Markings><entry><key>columnVisibility</key><value>PUBLIC</value></entry></Markings><Value type="xs:string">hdfs://localhost:9000/Ingest/wikipedia/enwiki-20130305-pages-articles-brief.xml|1|0</Value></Field><Field columnVisibility="PUBLIC" name="REVISION_FORMAT" timestamp="1362441600000"><Markings><entry><key>columnVisibility</key><value>PUBLIC</value></entry></Markings><Value type="xs:string">text/x-wiki</Value></Field><Field columnVisibility="PUBLIC" name="REVISION_COMMENT" timestamp="1362441600000"><Markings><entry><key>columnVisibility</key><value>PUBLIC</value></entry></Markings><Value type="xs:string">/* Origins datawave-alt/ datawave-dev/ datawave-tarballs/ datawave-temp/ Desktop/ Documents/ Downloads/ haproxy-1.7.8/ idea-IC-172.3544.35/ jdk1.8.0_144/ jdks/ Music/ Pictures/ Public/ Templates/ thinclient_drives/ Videos/ Fix.</Value></Field><Field columnVisibility="PUBLIC" name="REVISION_TEXT_SPACE" timestamp="1362441600000"><Markings><entry><key>columnVisibility</key><value>PUBLIC</value></entry></Markings><Value type="xs:string">preserve</Value></Field><Field columnVisibility="PUBLIC" name="REVISION_TEXT_TOKEN" timestamp="1362441600000"><Markings><entry><key>columnVisibility</key><value>PUBLIC</value></entry></Markings><Value type="xs:string">anarchy</Value></Field><Field columnVisibility="PUBLIC" name="RECORD_ID" timestamp="1362441600000"><Markings><entry><key>columnVisibility</key><value>PUBLIC</value></entry></Markings><Value type="xs:string">20130305_1/enwiki/cv98z2.-7tx1b3.oz7tdj+vvk30</Value></Field><Field columnVisibility="PUBLIC" name="CONTRIBUTOR_ID" timestamp="1362441600000"><Markings><entry><key>columnVisibility</key><value>PUBLIC</value></entry></Markings><Value type="xs:decimal">15232315</Value></Field><Field columnVisibility="PUBLIC" name="HAS_REVISION_COMMENT_CONTENT" timestamp="1362441600000"><Markings><entry><key>columnVisibility</key><value>PUBLIC</value></entry></Markings><Value type="xs:string">true</Value></Field><Field columnVisibility="PUBLIC" name="REVISION_COMMENT_TERM_COUNT" timestamp="1362441600000"><Markings><entry><key>columnVisibility</key><value>PUBLIC</value></entry></Markings><Value type="xs:decimal">2</Value></Field><Field columnVisibility="PUBLIC" name="PAGE_TITLE" timestamp="1362441600000"><Markings><entry><key>columnVisibility</key><value>PUBLIC</value></entry></Markings><Value type="xs:string">Anarchism</Value></Field><Field columnVisibility="PUBLIC" name="REVISION_TEXT_TERM_COUNT" timestamp="1362441600000"><Markings><entry><key>columnVisibility</key><value>PUBLIC</value></entry></Markings><Value type="xs:decimal">22637</Value></Field></Fields><Markings><entry><key>columnVisibility</key><value>PUBLIC</value></entry></Markings><Metadata><DataType>enwiki</DataType><InternalId>cv98z2.-7tx1b3.oz7tdj+vvk30</InternalId><Row>20130305_1</Row><Table>shard</Table></Metadata></Event></Events><Fields><Field>CONTRIBUTOR_ID</Field><Field>CONTRIBUTOR_USERNAME</Field><Field>HAS_REVISION_COMMENT_CONTENT</Field><Field>HAS_REVISION_TEXT_CONTENT</Field><Field>LANGUAGE</Field><Field>LOAD_DATE</Field><Field>ORIG_FILE</Field><Field>PAGE_ID</Field><Field>PAGE_NAMESPACE</Field><Field>PAGE_TITLE</Field><Field>RECORD_ID</Field><Field>REVISION_COMMENT</Field><Field>REVISION_COMMENT_TERM_COUNT</Field><Field>REVISION_FORMAT</Field><Field>REVISION_ID</Field><Field>REVISION_MODEL</Field><Field>REVISION_PARENTID</Field><Field>REVISION_SHA1</Field><Field>REVISION_TEXT_SPACE</Field><Field>REVISION_TEXT_TERM_COUNT</Field><Field>REVISION_TEXT_TOKEN</Field><Field>REVISION_TIMESTAMP</Field></Fields><ReturnedEvents>1</ReturnedEvents></DefaultEventQueryResponse>