<html><head><meta http-equiv="content-type" content="text/html; charset=UTF-8"/><title>DATAWAVE - Void Response</title><link rel='stylesheet' type='text/css' href='/screen.css' media='screen' /></head><body><h1>datawave.webservice.result.VoidResponse</h1><div><b>MESSAGES:</b><br/>591fc5d4-eb95-411a-9cbd-324d370d0670 closed.<br/><b>EXCEPTIONS:</b><br/></div><br/></body></html> 