<html><head><meta http-equiv="content-type" content="text/html; charset=UTF-8"/><title>DATAWAVE - Void Response</title><link rel='stylesheet' type='text/css' href='/screen.css' media='screen' /></head><body><h1>datawave.webservice.result.VoidResponse</h1><div><b>MESSAGES:</b><br/>be75193b-12cc-4cd5-9412-d82f733b5bc3 closed.<br/><b>EXCEPTIONS:</b><br/></div><br/></body></html> 