<?xml version="1.0" encoding="UTF-8" standalone="yes"?><GenericResponse xmlns="http://webservice.datawave/v1"><HasResults>true</HasResults><OperationTimeMS>120</OperationTimeMS><Result xmlns:xsi="http://www.w3.org/2001/XMLSchema-instance" xmlns:xs="http://www.w3.org/2001/XMLSchema" xsi:type="xs:string">be75193b-12cc-4cd5-9412-d82f733b5bc3</Result></GenericResponse>