<html><head><meta http-equiv="content-type" content="text/html; charset=UTF-8"/><title>DATAWAVE - Void Response</title><link rel='stylesheet' type='text/css' href='/screen.css' media='screen' /></head><body><h1>datawave.webservice.result.VoidResponse</h1><div><b>MESSAGES:</b><br/>b5de6f0f-0c8d-4598-b06c-d15f92a15283 closed.<br/><b>EXCEPTIONS:</b><br/></div><br/></body></html> 