<html><head><meta http-equiv="content-type" content="text/html; charset=UTF-8"/><title>DATAWAVE - Void Response</title><link rel='stylesheet' type='text/css' href='/screen.css' media='screen' /></head><body><h1>datawave.webservice.result.VoidResponse</h1><div><b>MESSAGES:</b><br/>05d9c9eb-c116-4e12-af20-88cb0975cf48 closed.<br/><b>EXCEPTIONS:</b><br/></div><br/></body></html> 