<?xml version="1.0" encoding="UTF-8" standalone="yes"?><GenericResponse xmlns="http://webservice.datawave/v1"><HasResults>true</HasResults><OperationTimeMS>136</OperationTimeMS><Result xmlns:xsi="http://www.w3.org/2001/XMLSchema-instance" xmlns:xs="http://www.w3.org/2001/XMLSchema" xsi:type="xs:string">b5de6f0f-0c8d-4598-b06c-d15f92a15283</Result></GenericResponse>