<?xml version="1.0" encoding="UTF-8" standalone="yes"?><GenericResponse xmlns="http://webservice.datawave/v1"><HasResults>true</HasResults><OperationTimeMS>71</OperationTimeMS><Result xmlns:xsi="http://www.w3.org/2001/XMLSchema-instance" xmlns:xs="http://www.w3.org/2001/XMLSchema" xsi:type="xs:string">ce0404ab-34e6-42f9-b8c6-aeed6824b458</Result></GenericResponse>