<html><head><meta http-equiv="content-type" content="text/html; charset=UTF-8"/><title>DATAWAVE - Void Response</title><link rel='stylesheet' type='text/css' href='/screen.css' media='screen' /></head><body><h1>datawave.webservice.result.VoidResponse</h1><div><b>MESSAGES:</b><br/>ce0404ab-34e6-42f9-b8c6-aeed6824b458 closed.<br/><b>EXCEPTIONS:</b><br/></div><br/></body></html> 