<html><head><meta http-equiv="content-type" content="text/html; charset=UTF-8"/><title>DATAWAVE - Data Dictionary</title><link rel='stylesheet' type='text/css' href='/screen.css' media='screen' /><script type='text/javascript' src='/jquery.min.js'></script> <script type='text/javascript' src='/jquery.dataTables.min.js'></script> <script type='text/javascript'> $(document).ready(function() { $('#myTable').dataTable({"bPaginate": false, "aaSorting": [[0, "asc"]], "bStateSave": true}) }) </script> </head><body><h1>Data Dictionary</h1><div><div><p style="width:60%; margin-left: auto; margin-right: auto;">When a value is present in the forward index types, this means that a field is indexed and informs you how your query terms will be treated (e.g. text, number, IPv4 address, etc). The same applies for the reverse index types with the caveat that you can also query these fields using leading wildcards. Fields that are marked as 'Index only' will not appear in a result set unless explicitly queried on. Index only fields are typically composite fields, derived from actual data, created by the software to make querying easier.</p></div><table id="myTable"> <thead><tr><th>FieldName</th><th>Internal FieldName</th><th>DataType</th><th>Index only</th><th>Forward Indexed</th><th>Reverse Indexed</th><th>Normalized</th><th>Types</th><th>Description</th><th>LastUpdated</th></tr></thead><tbody><tr><td>EVENT_DATE</td><td></td><td>csv</td><td>false</td><td>true</td><td></td><td></td><td>Text</td><td></td><td>20160426000000</td></tr><tr><td>ARRAY</td><td></td><td>json</td><td>false</td><td></td><td></td><td></td><td></td><td></td><td>20171212191251</td></tr><tr><td>HEADER_DATE</td><td></td><td>json</td><td>false</td><td></td><td></td><td></td><td></td><td></td><td>20170104010000</td></tr><tr><td>SHA1</td><td></td><td>csv</td><td>false</td><td>true</td><td>true</td><td></td><td>Text</td><td></td><td>20160426000000</td></tr><tr><td>REVISION_SHA1</td><td></td><td>enwiki</td><td>false</td><td>true</td><td></td><td></td><td>Text</td><td></td><td>20130305000000</td></tr><tr><td>HEADER_NUMBER</td><td></td><td>json</td><td>false</td><td>true</td><td></td><td></td><td>Number</td><td></td><td>20170104010000</td></tr><tr><td>MISC_TEXT</td><td></td><td>json</td><td>false</td><td></td><td></td><td></td><td></td><td></td><td>20170101010000</td></tr><tr><td>NUMBER2</td><td></td><td>json</td><td>false</td><td></td><td></td><td></td><td></td><td></td><td>20171212191251</td></tr><tr><td>SECURITY_MARKING</td><td></td><td>csv</td><td>false</td><td>true</td><td></td><td></td><td>Text</td><td></td><td>20160426000000</td></tr><tr><td>REVISION_ID</td><td></td><td>enwiki</td><td>false</td><td>true</td><td></td><td></td><td>Number</td><td></td><td>20130305000000</td></tr><tr><td>VALUE</td><td></td><td>json</td><td>false</td><td>true</td><td>true</td><td></td><td>Text</td><td></td><td>20171212191251</td></tr><tr><td>HEADER_TEXT_1</td><td></td><td>json</td><td>false</td><td>true</td><td>true</td><td></td><td>Text</td><td></td><td>20170104010000</td></tr><tr><td>EDGE_VERTEX_TO</td><td></td><td>csv</td><td>false</td><td>true</td><td>true</td><td></td><td>Text</td><td></td><td>20160426000000</td></tr><tr><td>HEADER_TEXT_2</td><td></td><td>json</td><td>false</td><td>true</td><td>true</td><td></td><td>Text</td><td></td><td>20170104010000</td></tr><tr><td>REVISION_MODEL</td><td></td><td>enwiki</td><td>false</td><td></td><td></td><td></td><td></td><td></td><td>20130305000000</td></tr><tr><td>DOCUMENT_VISIBILITY</td><td></td><td>json</td><td>false</td><td></td><td></td><td></td><td></td><td></td><td>20170104010000</td></tr><tr><td>SUMMARY</td><td></td><td>csv</td><td>false</td><td>true</td><td>true</td><td></td><td>Text</td><td></td><td>20160426000000</td></tr><tr><td>REVISION_COMMENT_TOKEN</td><td></td><td>enwiki</td><td>true</td><td>true</td><td>true</td><td></td><td>Text</td><td></td><td>20130305000000</td></tr><tr><td>REVISION_TEXT_SPACE</td><td></td><td>enwiki</td><td>false</td><td></td><td></td><td></td><td></td><td></td><td>20130305000000</td></tr><tr><td>REVISION_TEXT_TOKEN</td><td></td><td>enwiki</td><td>true</td><td>true</td><td>true</td><td></td><td>Text</td><td></td><td>20130305000000</td></tr><tr><td>MY_DATE</td><td></td><td>csv</td><td>false</td><td>true</td><td>true</td><td></td><td>Unknown</td><td></td><td>20160426000000</td></tr><tr><td>PROCESSED_SIZE</td><td></td><td>csv</td><td>false</td><td>true</td><td>true</td><td></td><td>Text</td><td></td><td>20160426000000</td></tr><tr><td>CONTRIBUTOR_ID</td><td></td><td>enwiki</td><td>false</td><td>true</td><td></td><td></td><td>Number</td><td></td><td>20130305000000</td></tr><tr><td>ID</td><td></td><td>json</td><td>false</td><td>true</td><td></td><td></td><td>Text</td><td></td><td>20171212191251</td></tr><tr><td>REVISION_COMMENT_TERM_COUNT</td><td></td><td>enwiki</td><td>false</td><td>true</td><td></td><td></td><td>Number</td><td></td><td>20130305000000</td></tr><tr><td>UUID</td><td></td><td>csv</td><td>false</td><td>true</td><td>true</td><td></td><td>Text</td><td></td><td>20160426000000</td></tr><tr><td>EXTRA_UUID_1</td><td></td><td>json</td><td>false</td><td>true</td><td></td><td></td><td>Text</td><td></td><td>20170104010000</td></tr><tr><td>LANGUAGE</td><td></td><td>enwiki</td><td>false</td><td></td><td></td><td></td><td></td><td></td><td>20130305000000</td></tr><tr><td>LANGUAGE</td><td></td><td>csv</td><td>false</td><td>true</td><td>true</td><td></td><td>Text</td><td></td><td>20160426000000</td></tr><tr><td>EXTRA_UUID_2</td><td></td><td>json</td><td>false</td><td>true</td><td></td><td></td><td>Text</td><td></td><td>20170104010000</td></tr><tr><td>PARAGRAPH_CHECKSUM_SHA_1</td><td></td><td>csv</td><td>false</td><td>true</td><td>true</td><td></td><td>Text</td><td></td><td>20160426000000</td></tr><tr><td>NUMBER</td><td></td><td>json</td><td>false</td><td>true</td><td></td><td></td><td>Number</td><td></td><td>20171212191251</td></tr><tr><td>FIELD</td><td></td><td>json</td><td>false</td><td></td><td></td><td></td><td></td><td></td><td>20170101010000</td></tr><tr><td>BAR_FIELD</td><td></td><td>csv</td><td>false</td><td>true</td><td>true</td><td></td><td>Text</td><td></td><td>20160426000000</td></tr><tr><td>PAGE_ID</td><td></td><td>enwiki</td><td>false</td><td>true</td><td></td><td></td><td>Number</td><td></td><td>20130305000000</td></tr><tr><td>BOOLEAN</td><td></td><td>json</td><td>false</td><td></td><td></td><td></td><td></td><td></td><td>20171212191251</td></tr><tr><td>NAME</td><td></td><td>json</td><td>false</td><td>true</td><td>true</td><td></td><td>Text</td><td></td><td>20171212191251</td></tr><tr><td>DATE</td><td></td><td>json</td><td>false</td><td></td><td></td><td></td><td></td><td></td><td>20171212191251</td></tr><tr><td>REVISION_FORMAT</td><td></td><td>enwiki</td><td>false</td><td></td><td></td><td></td><td></td><td></td><td>20130305000000</td></tr><tr><td>R1_FIELD2</td><td></td><td>csv</td><td>false</td><td>true</td><td>true</td><td></td><td>Text</td><td></td><td>20160426000000</td></tr><tr><td>EDGE_VERTEX_FROM</td><td></td><td>csv</td><td>false</td><td>true</td><td>true</td><td></td><td>Text</td><td></td><td>20160426000000</td></tr><tr><td>EVENT_ID</td><td></td><td>csv</td><td>false</td><td>true</td><td>true</td><td></td><td>Text</td><td></td><td>20160426000000</td></tr><tr><td>R1_FIELD1</td><td></td><td>csv</td><td>false</td><td>true</td><td>true</td><td></td><td>Text</td><td></td><td>20160426000000</td></tr><tr><td>PAGE_TITLE</td><td></td><td>enwiki</td><td>false</td><td>true</td><td>true</td><td></td><td>Text</td><td></td><td>20130305000000</td></tr><tr><td>MISC_DATE</td><td></td><td>json</td><td>false</td><td></td><td></td><td></td><td></td><td></td><td>20170104010000</td></tr><tr><td>ORIGINAL_SIZE</td><td></td><td>csv</td><td>false</td><td>true</td><td>true</td><td></td><td>Text</td><td></td><td>20160426000000</td></tr><tr><td>LOAD_DATE</td><td></td><td>enwiki</td><td>false</td><td></td><td></td><td></td><td></td><td></td><td>20130305000000</td></tr><tr><td>LOAD_DATE</td><td></td><td>csv</td><td>false</td><td>true</td><td>true</td><td></td><td>Text</td><td></td><td>20160426000000</td></tr><tr><td>LOAD_DATE</td><td></td><td>json</td><td>false</td><td></td><td></td><td></td><td></td><td></td><td>20171212191251</td></tr><tr><td>FIELDNAME1_WE_DONT_WANT_INDEXED</td><td></td><td>csv</td><td>false</td><td></td><td></td><td></td><td></td><td></td><td>20160426000000</td></tr><tr><td>HAS_REVISION_TEXT_CONTENT</td><td></td><td>enwiki</td><td>false</td><td></td><td></td><td></td><td></td><td></td><td>20130305000000</td></tr><tr><td>NAME_TOKEN</td><td></td><td>json</td><td>true</td><td>true</td><td></td><td></td><td></td><td></td><td>20171212191251</td></tr><tr><td>FIELDNAME1_NOT_TO_TOKENIZE</td><td></td><td>csv</td><td>false</td><td>true</td><td>true</td><td></td><td>Text</td><td></td><td>20160426000000</td></tr><tr><td>PROCESSING_DATE</td><td></td><td>csv</td><td>false</td><td>true</td><td></td><td></td><td>Text</td><td></td><td>20160426000000</td></tr><tr><td>CONTENT_URI</td><td></td><td>csv</td><td>false</td><td>true</td><td>true</td><td></td><td>Text</td><td></td><td>20160426000000</td></tr><tr><td>ORIG_FILE</td><td></td><td>enwiki</td><td>false</td><td></td><td></td><td></td><td></td><td></td><td>20130305000000</td></tr><tr><td>ORIG_FILE</td><td></td><td>csv</td><td>false</td><td>true</td><td>true</td><td></td><td>Text</td><td></td><td>20160426000000</td></tr><tr><td>ORIG_FILE</td><td></td><td>json</td><td>false</td><td></td><td></td><td></td><td></td><td></td><td>20171212191251</td></tr><tr><td>REVISION_COMMENT</td><td></td><td>enwiki</td><td>false</td><td></td><td></td><td></td><td></td><td></td><td>20130305000000</td></tr><tr><td>DESCRIPTION</td><td></td><td>json</td><td>false</td><td>true</td><td></td><td></td><td>Text</td><td></td><td>20171212191251</td></tr><tr><td>FOO_FIELD</td><td></td><td>csv</td><td>false</td><td>true</td><td>true</td><td></td><td>Text</td><td></td><td>20160426000000</td></tr><tr><td>EXTRA_TEXT</td><td></td><td>json</td><td>false</td><td>true</td><td>true</td><td></td><td>Text</td><td></td><td>20170104010000</td></tr><tr><td>DESCRIPTION_TOKEN</td><td></td><td>json</td><td>true</td><td>true</td><td></td><td></td><td></td><td></td><td>20171212191251</td></tr><tr><td>STRING1</td><td></td><td>json</td><td>false</td><td></td><td></td><td></td><td></td><td></td><td>20171212191251</td></tr><tr><td>STRING2</td><td></td><td>json</td><td>false</td><td></td><td></td><td></td><td></td><td></td><td>20171212191251</td></tr><tr><td>CONTRIBUTOR_USERNAME</td><td></td><td>enwiki</td><td>false</td><td>true</td><td>true</td><td></td><td>Text</td><td></td><td>20130305000000</td></tr><tr><td>HEADER_ID</td><td></td><td>json</td><td>false</td><td>true</td><td>true</td><td></td><td>Text</td><td></td><td>20170104010000</td></tr><tr><td>STUFF</td><td></td><td>json</td><td>false</td><td></td><td></td><td></td><td></td><td></td><td>20171212191251</td></tr><tr><td>PARENT_FILETYPE</td><td></td><td>csv</td><td>false</td><td>true</td><td>true</td><td></td><td>Text</td><td></td><td>20160426000000</td></tr><tr><td>REVISION_TIMESTAMP</td><td></td><td>enwiki</td><td>false</td><td>true</td><td></td><td></td><td>Text</td><td></td><td>20130305000000</td></tr><tr><td>PAGE_REDIRECT_TITLE</td><td></td><td>enwiki</td><td>false</td><td></td><td></td><td></td><td></td><td></td><td>20130305000000</td></tr><tr><td>SHA256</td><td></td><td>csv</td><td>false</td><td>true</td><td>true</td><td></td><td>Text</td><td></td><td>20160426000000</td></tr><tr><td>MORE</td><td></td><td>json</td><td>false</td><td></td><td></td><td></td><td></td><td></td><td>20171212191251</td></tr><tr><td>STRING_ARRAY</td><td></td><td>json</td><td>false</td><td></td><td></td><td></td><td></td><td></td><td>20170101010000</td></tr><tr><td>PAGE_NAMESPACE</td><td></td><td>enwiki</td><td>false</td><td>true</td><td></td><td></td><td>Number</td><td></td><td>20130305000000</td></tr><tr><td>REVISION_PARENTID</td><td></td><td>enwiki</td><td>false</td><td>true</td><td></td><td></td><td>Number</td><td></td><td>20130305000000</td></tr><tr><td>STRING</td><td></td><td>json</td><td>false</td><td>true</td><td>true</td><td></td><td>Text</td><td></td><td>20171212191251</td></tr><tr><td>FILE_TYPE</td><td></td><td>csv</td><td>false</td><td>true</td><td>true</td><td></td><td>Text</td><td></td><td>20160426000000</td></tr><tr><td>HAS_REVISION_COMMENT_CONTENT</td><td></td><td>enwiki</td><td>false</td><td></td><td></td><td></td><td></td><td></td><td>20130305000000</td></tr><tr><td>REVISION_TEXT_TERM_COUNT</td><td></td><td>enwiki</td><td>false</td><td>true</td><td></td><td></td><td>Number</td><td></td><td>20130305000000</td></tr><tr><td>MD5</td><td></td><td>csv</td><td>false</td><td>true</td><td>true</td><td></td><td>Text</td><td></td><td>20160426000000</td></tr></tbody></table> </div><br/></body></html> 