<html><head><meta http-equiv="content-type" content="text/html; charset=UTF-8"/><title>DATAWAVE - Void Response</title><link rel='stylesheet' type='text/css' href='/screen.css' media='screen' /></head><body><h1>datawave.webservice.result.VoidResponse</h1><div><b>MESSAGES:</b><br/>d36e557b-ab70-4cc5-86c3-6066b702b22a closed.<br/><b>EXCEPTIONS:</b><br/></div><br/></body></html> 