<?xml version="1.0" encoding="UTF-8" standalone="yes"?><DefaultEventQueryResponse xmlns="http://webservice.datawave/v1"><HasResults>true</HasResults><OperationTimeMS>1533</OperationTimeMS><LogicName>QueryMetricsQuery</LogicName><PageNumber>1</PageNumber><PartialResults>false</PartialResults><QueryId>d36e557b-ab70-4cc5-86c3-6066b702b22a</QueryId><Events><Event><Fields><Field columnVisibility="PUBLIC" name="SOURCE_COUNT" timestamp="1508857263006"><Markings><entry><key>columnVisibility</key><value>PUBLIC</value></entry></Markings><Value type="xs:string">0</Value></Field><Field columnVisibility="PUBLIC" name="QUERY_NAME" timestamp="1508857263006"><Markings><entry><key>columnVisibility</key><value>PUBLIC</value></entry></Markings><Value type="xs:string">DiscoveryQueryTest001</Value></Field><Field columnVisibility="PUBLIC" name="END_DATE" timestamp="1508857263006"><Markings><entry><key>columnVisibility</key><value>PUBLIC</value></entry></Markings><Value type="xs:string">20130401 235959</Value></Field><Field columnVisibility="PUBLIC" name="HOST" timestamp="1508857263006"><Markings><entry><key>columnVisibility</key><value>PUBLIC</value></entry></Markings><Value type="xs:string">s10-113-23-57</Value></Field><Field columnVisibility="PUBLIC" name="PAGE_METRICS" timestamp="1508857263005"><Markings><entry><key>columnVisibility</key><value>PUBLIC</value></entry></Markings><Value type="xs:string">1/5/16/1/1594/1508857263900/1508857263905/0</Value></Field><Field columnVisibility="PUBLIC" name="QUERY_LOGIC" timestamp="1508857263006"><Markings><entry><key>columnVisibility</key><value>PUBLIC</value></entry></Markings><Value type="xs:string">DiscoveryQuery</Value></Field><Field columnVisibility="PUBLIC" name="PARAMETERS" timestamp="1508857263006"><Markings><entry><key>columnVisibility</key><value>PUBLIC</value></entry></Markings><Value type="xs:string">query.syntax:LUCENE;auditUserDN:cn=test a. user, ou=my department, o=my company, st=some-state, c=us;logicClass:DiscoveryQuery;auditColumnVisibility:PRIVATE</Value></Field><Field columnVisibility="PUBLIC" name="USER" timestamp="1508857263006"><Markings><entry><key>columnVisibility</key><value>PUBLIC</value></entry></Markings><Value type="xs:string">user</Value></Field><Field columnVisibility="PUBLIC" name="PLAN" timestamp="1508857263005"><Markings><entry><key>columnVisibility</key><value>PUBLIC</value></entry></Markings><Value type="xs:string">_ANYFIELD_ == 'anarchy'</Value></Field><Field columnVisibility="PUBLIC" name="AUTHORIZATIONS" timestamp="1508857263006"><Markings><entry><key>columnVisibility</key><value>PUBLIC</value></entry></Markings><Value type="xs:string">PUBLIC</Value></Field><Field columnVisibility="PUBLIC" name="QUERY_ID" timestamp="1508857263006"><Markings><entry><key>columnVisibility</key><value>PUBLIC</value></entry></Markings><Value type="xs:string">dc8cd23e-2a54-4d47-8e6c-786f69a04bf1</Value></Field><Field columnVisibility="PUBLIC" name="FI_RANGES" timestamp="1508857263006"><Markings><entry><key>columnVisibility</key><value>PUBLIC</value></entry></Markings><Value type="xs:string">0</Value></Field><Field columnVisibility="PUBLIC" name="CREATE_DATE" timestamp="1508857263006"><Markings><entry><key>columnVisibility</key><value>PUBLIC</value></entry></Markings><Value type="xs:string">20171024 150103</Value></Field><Field columnVisibility="PUBLIC" name="BEGIN_DATE" timestamp="1508857263006"><Markings><entry><key>columnVisibility</key><value>PUBLIC</value></entry></Markings><Value type="xs:string">20130301 000000</Value></Field><Field columnVisibility="PUBLIC" name="NEXT_COUNT" timestamp="1508857263006"><Markings><entry><key>columnVisibility</key><value>PUBLIC</value></entry></Markings><Value type="xs:string">0</Value></Field><Field columnVisibility="PUBLIC" name="QUERY" timestamp="1508857263006"><Markings><entry><key>columnVisibility</key><value>PUBLIC</value></entry></Markings><Value type="xs:string">anarchy</Value></Field><Field columnVisibility="PUBLIC" name="QUERY_TYPE" timestamp="1508857263006"><Markings><entry><key>columnVisibility</key><value>PUBLIC</value></entry></Markings><Value type="xs:string">RunningQuery</Value></Field><Field columnVisibility="PUBLIC" name="USER_DN" timestamp="1508857263006"><Markings><entry><key>columnVisibility</key><value>PUBLIC</value></entry></Markings><Value type="xs:string">cn=test a. user, ou=my department, o=my company, st=some-state, c=us</Value></Field><Field columnVisibility="PUBLIC" name="DOC_RANGES" timestamp="1508857263006"><Markings><entry><key>columnVisibility</key><value>PUBLIC</value></entry></Markings><Value type="xs:string">0</Value></Field><Field columnVisibility="PUBLIC" name="RECORD_ID" timestamp="1508857263005"><Markings><entry><key>columnVisibility</key><value>PUBLIC</value></entry></Markings><Value type="xs:string">20171024_103/querymetrics/-cebtbf.lx6gd5.lvzfx4</Value></Field><Field columnVisibility="PUBLIC" name="RECORD_ID" timestamp="1508857263006"><Markings><entry><key>columnVisibility</key><value>PUBLIC</value></entry></Markings><Value type="xs:string">20171024_103/querymetrics/-cebtbf.lx6gd5.lvzfx4</Value></Field><Field columnVisibility="PUBLIC" name="NUM_UPDATES" timestamp="1508857263006"><Markings><entry><key>columnVisibility</key><value>PUBLIC</value></entry></Markings><Value type="xs:decimal">6</Value></Field><Field columnVisibility="PUBLIC" name="SEEK_COUNT" timestamp="1508857263006"><Markings><entry><key>columnVisibility</key><value>PUBLIC</value></entry></Markings><Value type="xs:string">0</Value></Field></Fields><Markings><entry><key>columnVisibility</key><value>PUBLIC</value></entry></Markings><Metadata><DataType>querymetrics</DataType><InternalId>-cebtbf.lx6gd5.lvzfx4</InternalId><Row>20171024_103</Row><Table>QueryMetrics_e</Table></Metadata></Event></Events><Fields><Field>AUTHORIZATIONS</Field><Field>BEGIN_DATE</Field><Field>CREATE_DATE</Field><Field>DOC_RANGES</Field><Field>END_DATE</Field><Field>FI_RANGES</Field><Field>HOST</Field><Field>NEXT_COUNT</Field><Field>NUM_UPDATES</Field><Field>PAGE_METRICS</Field><Field>PARAMETERS</Field><Field>PLAN</Field><Field>QUERY</Field><Field>QUERY_ID</Field><Field>QUERY_LOGIC</Field><Field>QUERY_NAME</Field><Field>QUERY_TYPE</Field><Field>RECORD_ID</Field><Field>SEEK_COUNT</Field><Field>SOURCE_COUNT</Field><Field>USER</Field><Field>USER_DN</Field></Fields><ReturnedEvents>1</ReturnedEvents></DefaultEventQueryResponse>